// Jest Snapshot v1, https://goo.gl/fbAQLP

exports[`All server events should be functions all server events should be a function 1`] = `"function"`;

exports[`All server events should be functions all server events should be a function 2`] = `"function"`;

exports[`All server events should be functions all server events should be a function 3`] = `"function"`;

exports[`All server events should be functions all server events should be a function 4`] = `"function"`;

exports[`All server events should be functions all server events should be a function 5`] = `"function"`;

exports[`All server events should be functions all server events should be a function 6`] = `"function"`;

exports[`All server events should be functions all server events should be a function 7`] = `"function"`;
